[0m[1mз[34mд[0;34mд[[37m                            [34m][1mдддд[36mддддд[37mдд[36mдддд[34mддддд[0;34mдддд[1mдд ддд[36mдд[37mда[36mддд[34mдддддд[36mдд[37m©[0m
[1;36mю[34m[[0m                                                                           [1;34m][36mы[0m






















